../Src/game.c:43:13:pattern_begin	4	static
../Src/game.c:52:9:clamp_u8	16	static
../Src/game.c:56:10:diff_on_ms	16	static
../Src/game.c:62:10:diff_off_ms	16	static
../Src/game.c:71:13:leds_clear	8	static
../Src/game.c:76:13:set_game_state	16	static
../Src/game.c:82:13:generate_pattern	24	static
../Src/game.c:88:13:leds_show	24	static
../Src/game.c:99:13:handle_boot	8	static
../Src/game.c:111:16:map_pot_to_speed	24	static
../Src/game.c:124:13:handle_difficulty_select	24	static
../Src/game.c:174:13:handle_level_intro	16	static
../Src/game.c:202:13:handle_pattern_display	48	static
../Src/game.c:245:13:handle_input_wait	48	static
../Src/game.c:275:13:handle_result_process	8	static
../Src/game.c:308:13:handle_victory	32	static
../Src/game.c:339:13:handle_game_death	24	static
../Src/game.c:387:6:Game_Init	24	static
../Src/game.c:395:6:Game_Run	8	static
