C:/Users/KKU11/Downloads/Library/CMSIS/Core/Include/core_cm4.h:1794:22:__NVIC_EnableIRQ	16	static,ignoring_inline_asm
C:/Users/KKU11/Downloads/Library/CMSIS/Core/Include/core_cm4.h:1924:22:__NVIC_SetPriority	16	static
../Src/hardware.c:20:6:SystemClock_Config	4	static
../Src/hardware.c:40:6:GPIO_Init	4	static
../Src/hardware.c:65:6:ADC_Init	8	static
../Src/hardware.c:76:6:USART2_Init	4	static
../Src/hardware.c:82:6:NVIC_Init	8	static
../Src/hardware.c:88:6:ADC_StartConversion	4	static
../Src/hardware.c:96:6:Monitor_Buttons	24	static
../Src/hardware.c:116:6:Monitor_ADC	4	static
../Src/hardware.c:123:6:LED_SetPattern	16	static
../Src/hardware.c:134:6:SevenSeg_Display	16	static
../Src/hardware.c:149:6:ADC_IRQHandler	4	static
