../Src/oled.c:47:13:I2C1_Init_OLED	4	static
../Src/oled.c:71:13:i2c_start	16	static
../Src/oled.c:83:13:i2c_w	16	static
../Src/oled.c:91:13:i2c_stop	4	static
../Src/oled.c:97:13:oled_cmd	16	static
../Src/oled.c:104:13:oled_data	16	static
../Src/oled.c:112:13:oled_setpos	16	static
../Src/oled.c:178:13:oled_draw_digit	16	static
../Src/oled.c:185:13:oled_draw_letter	24	static
../Src/oled.c:199:13:oled_draw_icon	16	static
../Src/oled.c:205:13:oled_draw_icon8	16	static
../Src/oled.c:211:13:oled_draw_icon8_hflip	32	static
../Src/oled.c:221:13:oled_draw_bordered_progress	32	static
../Src/oled.c:249:13:oled_clear_region	152	static
../Src/oled.c:263:13:oled_print_text	24	static
../Src/oled.c:294:13:oled_print_uint	32	static
../Src/oled.c:312:16:text_width_5x7	24	static
../Src/oled.c:319:13:oled_print_centered	24	static
../Src/oled.c:332:13:oled_draw_big_digit2x	64	static
../Src/oled.c:399:6:oled_clear	144	static
../Src/oled.c:407:6:oled_init	8	static
../Src/oled.c:466:13:draw_section1	24	static
../Src/oled.c:509:13:draw_section2	24	static
../Src/oled.c:546:20:state_text	16	static
../Src/oled.c:565:13:draw_footer	8	static
../Src/oled.c:574:6:OLED_ShowStatus	8	static
