../Src/oled.c:15:13:I2C1_Init_OLED	4	static
../Src/oled.c:39:13:i2c_start	16	static
../Src/oled.c:49:13:i2c_w	16	static
../Src/oled.c:55:13:i2c_stop	4	static
../Src/oled.c:62:13:oled_cmd	16	static
../Src/oled.c:69:13:oled_data	16	static
../Src/oled.c:76:13:oled_setpos	16	static
../Src/oled.c:116:13:oled_draw_digit	16	static
../Src/oled.c:123:13:oled_draw_letter	24	static
../Src/oled.c:132:13:oled_print_text	24	static
../Src/oled.c:141:13:oled_print_uint	40	static
../Src/oled.c:163:6:oled_clear	144	static
../Src/oled.c:171:6:oled_init	8	static
../Src/oled.c:186:6:OLED_ShowStatus	8	static
